[abhiram@localhost Linux - Centos 9]$ pwd
/home/abhiram/Documents/Linux - Centos 9
[abhiram@localhost Linux - Centos 9]$ cd ..
[abhiram@localhost Documents]$ cd ..
[abhiram@localhost ~]$ pwd
/home/abhiram
[abhiram@localhost ~]$ ls
abhi.txt  Documents  Music     Public     Videos
Desktop   Downloads  Pictures  Templates
[abhiram@localhost ~]$ ls -l
total 4
-rw-r--r--. 1 abhiram abhiram 61 Nov  4 16:44 abhi.txt
drwxr-xr-x. 2 abhiram abhiram  6 Nov  4 12:20 Desktop
drwxr-xr-x. 3 abhiram abhiram 30 Nov  4 13:10 Documents
drwxr-xr-x. 2 abhiram abhiram 98 Nov  4 13:00 Downloads
drwxr-xr-x. 2 abhiram abhiram  6 Nov  4 12:20 Music
drwxr-xr-x. 2 abhiram abhiram  6 Nov  4 12:20 Pictures
drwxr-xr-x. 2 abhiram abhiram  6 Nov  4 12:20 Public
drwxr-xr-x. 2 abhiram abhiram  6 Nov  4 12:20 Templates
drwxr-xr-x. 2 abhiram abhiram  6 Nov  4 12:20 Videos
[abhiram@localhost ~]$ ls -ltr
total 4
drwxr-xr-x. 2 abhiram abhiram  6 Nov  4 12:20 Videos
drwxr-xr-x. 2 abhiram abhiram  6 Nov  4 12:20 Templates
drwxr-xr-x. 2 abhiram abhiram  6 Nov  4 12:20 Public
drwxr-xr-x. 2 abhiram abhiram  6 Nov  4 12:20 Pictures
drwxr-xr-x. 2 abhiram abhiram  6 Nov  4 12:20 Music
drwxr-xr-x. 2 abhiram abhiram  6 Nov  4 12:20 Desktop
drwxr-xr-x. 2 abhiram abhiram 98 Nov  4 13:00 Downloads
drwxr-xr-x. 3 abhiram abhiram 30 Nov  4 13:10 Documents
-rw-r--r--. 1 abhiram abhiram 61 Nov  4 16:44 abhi.txt
[abhiram@localhost ~]$ touch anju.txt
[abhiram@localhost ~]$ ls
abhi.txt  Desktop    Downloads  Pictures  Templates
anju.txt  Documents  Music      Public    Videos
[abhiram@localhost ~]$ ls -l
total 4
-rw-r--r--. 1 abhiram abhiram 61 Nov  4 16:44 abhi.txt
-rw-r--r--. 1 abhiram abhiram  0 Nov  5 12:54 anju.txt
drwxr-xr-x. 2 abhiram abhiram  6 Nov  4 12:20 Desktop
drwxr-xr-x. 3 abhiram abhiram 30 Nov  4 13:10 Documents
drwxr-xr-x. 2 abhiram abhiram 98 Nov  4 13:00 Downloads
drwxr-xr-x. 2 abhiram abhiram  6 Nov  4 12:20 Music
drwxr-xr-x. 2 abhiram abhiram  6 Nov  4 12:20 Pictures
drwxr-xr-x. 2 abhiram abhiram  6 Nov  4 12:20 Public
drwxr-xr-x. 2 abhiram abhiram  6 Nov  4 12:20 Templates
drwxr-xr-x. 2 abhiram abhiram  6 Nov  4 12:20 Videos
[abhiram@localhost ~]$ ls -ltr
total 4
drwxr-xr-x. 2 abhiram abhiram  6 Nov  4 12:20 Videos
drwxr-xr-x. 2 abhiram abhiram  6 Nov  4 12:20 Templates
drwxr-xr-x. 2 abhiram abhiram  6 Nov  4 12:20 Public
drwxr-xr-x. 2 abhiram abhiram  6 Nov  4 12:20 Pictures
drwxr-xr-x. 2 abhiram abhiram  6 Nov  4 12:20 Music
drwxr-xr-x. 2 abhiram abhiram  6 Nov  4 12:20 Desktop
drwxr-xr-x. 2 abhiram abhiram 98 Nov  4 13:00 Downloads
drwxr-xr-x. 3 abhiram abhiram 30 Nov  4 13:10 Documents
-rw-r--r--. 1 abhiram abhiram 61 Nov  4 16:44 abhi.txt
-rw-r--r--. 1 abhiram abhiram  0 Nov  5 12:54 anju.txt
[abhiram@localhost ~]$ cp abhi.txt abhiram.txt
[abhiram@localhost ~]$ cp anju.txt anjan.txt
[abhiram@localhost ~]$ vi aravind.txt
[abhiram@localhost ~]$ ls
abhiram.txt  anju.txt     Documents  Pictures   Videos
abhi.txt     aravind.txt  Downloads  Public
anjan.txt    Desktop      Music      Templates
[abhiram@localhost ~]$ ls -l
total 12
-rw-r--r--. 1 abhiram abhiram 61 Nov  5 12:55 abhiram.txt
-rw-r--r--. 1 abhiram abhiram 61 Nov  4 16:44 abhi.txt
-rw-r--r--. 1 abhiram abhiram  0 Nov  5 12:55 anjan.txt
-rw-r--r--. 1 abhiram abhiram  0 Nov  5 12:54 anju.txt
-rw-r--r--. 1 abhiram abhiram 19 Nov  5 12:56 aravind.txt
drwxr-xr-x. 2 abhiram abhiram  6 Nov  4 12:20 Desktop
drwxr-xr-x. 3 abhiram abhiram 30 Nov  4 13:10 Documents
drwxr-xr-x. 2 abhiram abhiram 98 Nov  4 13:00 Downloads
drwxr-xr-x. 2 abhiram abhiram  6 Nov  4 12:20 Music
drwxr-xr-x. 2 abhiram abhiram  6 Nov  4 12:20 Pictures
drwxr-xr-x. 2 abhiram abhiram  6 Nov  4 12:20 Public
drwxr-xr-x. 2 abhiram abhiram  6 Nov  4 12:20 Templates
drwxr-xr-x. 2 abhiram abhiram  6 Nov  4 12:20 Videos
[abhiram@localhost ~]$ ls -ltr
total 12
drwxr-xr-x. 2 abhiram abhiram  6 Nov  4 12:20 Videos
drwxr-xr-x. 2 abhiram abhiram  6 Nov  4 12:20 Templates
drwxr-xr-x. 2 abhiram abhiram  6 Nov  4 12:20 Public
drwxr-xr-x. 2 abhiram abhiram  6 Nov  4 12:20 Pictures
drwxr-xr-x. 2 abhiram abhiram  6 Nov  4 12:20 Music
drwxr-xr-x. 2 abhiram abhiram  6 Nov  4 12:20 Desktop
drwxr-xr-x. 2 abhiram abhiram 98 Nov  4 13:00 Downloads
drwxr-xr-x. 3 abhiram abhiram 30 Nov  4 13:10 Documents
-rw-r--r--. 1 abhiram abhiram 61 Nov  4 16:44 abhi.txt
-rw-r--r--. 1 abhiram abhiram  0 Nov  5 12:54 anju.txt
-rw-r--r--. 1 abhiram abhiram 61 Nov  5 12:55 abhiram.txt
-rw-r--r--. 1 abhiram abhiram  0 Nov  5 12:55 anjan.txt
-rw-r--r--. 1 abhiram abhiram 19 Nov  5 12:56 aravind.txt
[abhiram@localhost ~]$ touch venkatesh krishna
[abhiram@localhost ~]$ ls
abhiram.txt  anju.txt     Documents  Music     Templates
abhi.txt     aravind.txt  Downloads  Pictures  venkatesh
anjan.txt    Desktop      krishna    Public    Videos
[abhiram@localhost ~]$ ls -l
total 12
-rw-r--r--. 1 abhiram abhiram 61 Nov  5 12:55 abhiram.txt
-rw-r--r--. 1 abhiram abhiram 61 Nov  4 16:44 abhi.txt
-rw-r--r--. 1 abhiram abhiram  0 Nov  5 12:55 anjan.txt
-rw-r--r--. 1 abhiram abhiram  0 Nov  5 12:54 anju.txt
-rw-r--r--. 1 abhiram abhiram 19 Nov  5 12:56 aravind.txt
drwxr-xr-x. 2 abhiram abhiram  6 Nov  4 12:20 Desktop
drwxr-xr-x. 3 abhiram abhiram 30 Nov  4 13:10 Documents
drwxr-xr-x. 2 abhiram abhiram 98 Nov  4 13:00 Downloads
-rw-r--r--. 1 abhiram abhiram  0 Nov  5 12:57 krishna
drwxr-xr-x. 2 abhiram abhiram  6 Nov  4 12:20 Music
drwxr-xr-x. 2 abhiram abhiram  6 Nov  4 12:20 Pictures
drwxr-xr-x. 2 abhiram abhiram  6 Nov  4 12:20 Public
drwxr-xr-x. 2 abhiram abhiram  6 Nov  4 12:20 Templates
-rw-r--r--. 1 abhiram abhiram  0 Nov  5 12:57 venkatesh
drwxr-xr-x. 2 abhiram abhiram  6 Nov  4 12:20 Videos
[abhiram@localhost ~]$ ls -ltr
total 12
drwxr-xr-x. 2 abhiram abhiram  6 Nov  4 12:20 Videos
drwxr-xr-x. 2 abhiram abhiram  6 Nov  4 12:20 Templates
drwxr-xr-x. 2 abhiram abhiram  6 Nov  4 12:20 Public
drwxr-xr-x. 2 abhiram abhiram  6 Nov  4 12:20 Pictures
drwxr-xr-x. 2 abhiram abhiram  6 Nov  4 12:20 Music
drwxr-xr-x. 2 abhiram abhiram  6 Nov  4 12:20 Desktop
drwxr-xr-x. 2 abhiram abhiram 98 Nov  4 13:00 Downloads
drwxr-xr-x. 3 abhiram abhiram 30 Nov  4 13:10 Documents
-rw-r--r--. 1 abhiram abhiram 61 Nov  4 16:44 abhi.txt
-rw-r--r--. 1 abhiram abhiram  0 Nov  5 12:54 anju.txt
-rw-r--r--. 1 abhiram abhiram 61 Nov  5 12:55 abhiram.txt
-rw-r--r--. 1 abhiram abhiram  0 Nov  5 12:55 anjan.txt
-rw-r--r--. 1 abhiram abhiram 19 Nov  5 12:56 aravind.txt
-rw-r--r--. 1 abhiram abhiram  0 Nov  5 12:57 venkatesh
-rw-r--r--. 1 abhiram abhiram  0 Nov  5 12:57 krishna
[abhiram@localhost ~]$ mkdir Abhi
[abhiram@localhost ~]$ ls
Abhi         anjan.txt    Desktop    krishna   Public     Videos
abhiram.txt  anju.txt     Documents  Music     Templates
abhi.txt     aravind.txt  Downloads  Pictures  venkatesh
[abhiram@localhost ~]$ ls -l
total 12
drwxr-xr-x. 2 abhiram abhiram  6 Nov  5 12:58 Abhi
-rw-r--r--. 1 abhiram abhiram 61 Nov  5 12:55 abhiram.txt
-rw-r--r--. 1 abhiram abhiram 61 Nov  4 16:44 abhi.txt
-rw-r--r--. 1 abhiram abhiram  0 Nov  5 12:55 anjan.txt
-rw-r--r--. 1 abhiram abhiram  0 Nov  5 12:54 anju.txt
-rw-r--r--. 1 abhiram abhiram 19 Nov  5 12:56 aravind.txt
drwxr-xr-x. 2 abhiram abhiram  6 Nov  4 12:20 Desktop
drwxr-xr-x. 3 abhiram abhiram 30 Nov  4 13:10 Documents
drwxr-xr-x. 2 abhiram abhiram 98 Nov  4 13:00 Downloads
-rw-r--r--. 1 abhiram abhiram  0 Nov  5 12:57 krishna
drwxr-xr-x. 2 abhiram abhiram  6 Nov  4 12:20 Music
drwxr-xr-x. 2 abhiram abhiram  6 Nov  4 12:20 Pictures
drwxr-xr-x. 2 abhiram abhiram  6 Nov  4 12:20 Public
drwxr-xr-x. 2 abhiram abhiram  6 Nov  4 12:20 Templates
-rw-r--r--. 1 abhiram abhiram  0 Nov  5 12:57 venkatesh
drwxr-xr-x. 2 abhiram abhiram  6 Nov  4 12:20 Videos
[abhiram@localhost ~]$ ls -ltr
total 12
drwxr-xr-x. 2 abhiram abhiram  6 Nov  4 12:20 Videos
drwxr-xr-x. 2 abhiram abhiram  6 Nov  4 12:20 Templates
drwxr-xr-x. 2 abhiram abhiram  6 Nov  4 12:20 Public
drwxr-xr-x. 2 abhiram abhiram  6 Nov  4 12:20 Pictures
drwxr-xr-x. 2 abhiram abhiram  6 Nov  4 12:20 Music
drwxr-xr-x. 2 abhiram abhiram  6 Nov  4 12:20 Desktop
drwxr-xr-x. 2 abhiram abhiram 98 Nov  4 13:00 Downloads
drwxr-xr-x. 3 abhiram abhiram 30 Nov  4 13:10 Documents
-rw-r--r--. 1 abhiram abhiram 61 Nov  4 16:44 abhi.txt
-rw-r--r--. 1 abhiram abhiram  0 Nov  5 12:54 anju.txt
-rw-r--r--. 1 abhiram abhiram 61 Nov  5 12:55 abhiram.txt
-rw-r--r--. 1 abhiram abhiram  0 Nov  5 12:55 anjan.txt
-rw-r--r--. 1 abhiram abhiram 19 Nov  5 12:56 aravind.txt
-rw-r--r--. 1 abhiram abhiram  0 Nov  5 12:57 venkatesh
-rw-r--r--. 1 abhiram abhiram  0 Nov  5 12:57 krishna
drwxr-xr-x. 2 abhiram abhiram  6 Nov  5 12:58 Abhi
[abhiram@localhost ~]$ mkdir Anju Aravind
[abhiram@localhost ~]$ ls
Abhi         anjan.txt  Aravind      Documents  Music     Templates
abhiram.txt  Anju       aravind.txt  Downloads  Pictures  venkatesh
abhi.txt     anju.txt   Desktop      krishna    Public    Videos
[abhiram@localhost ~]$ ls -l
total 12
drwxr-xr-x. 2 abhiram abhiram  6 Nov  5 12:58 Abhi
-rw-r--r--. 1 abhiram abhiram 61 Nov  5 12:55 abhiram.txt
-rw-r--r--. 1 abhiram abhiram 61 Nov  4 16:44 abhi.txt
-rw-r--r--. 1 abhiram abhiram  0 Nov  5 12:55 anjan.txt
drwxr-xr-x. 2 abhiram abhiram  6 Nov  5 12:59 Anju
-rw-r--r--. 1 abhiram abhiram  0 Nov  5 12:54 anju.txt
drwxr-xr-x. 2 abhiram abhiram  6 Nov  5 12:59 Aravind
-rw-r--r--. 1 abhiram abhiram 19 Nov  5 12:56 aravind.txt
drwxr-xr-x. 2 abhiram abhiram  6 Nov  4 12:20 Desktop
drwxr-xr-x. 3 abhiram abhiram 30 Nov  4 13:10 Documents
drwxr-xr-x. 2 abhiram abhiram 98 Nov  4 13:00 Downloads
-rw-r--r--. 1 abhiram abhiram  0 Nov  5 12:57 krishna
drwxr-xr-x. 2 abhiram abhiram  6 Nov  4 12:20 Music
drwxr-xr-x. 2 abhiram abhiram  6 Nov  4 12:20 Pictures
drwxr-xr-x. 2 abhiram abhiram  6 Nov  4 12:20 Public
drwxr-xr-x. 2 abhiram abhiram  6 Nov  4 12:20 Templates
-rw-r--r--. 1 abhiram abhiram  0 Nov  5 12:57 venkatesh
drwxr-xr-x. 2 abhiram abhiram  6 Nov  4 12:20 Videos
[abhiram@localhost ~]$ ls -ltr
total 12
drwxr-xr-x. 2 abhiram abhiram  6 Nov  4 12:20 Videos
drwxr-xr-x. 2 abhiram abhiram  6 Nov  4 12:20 Templates
drwxr-xr-x. 2 abhiram abhiram  6 Nov  4 12:20 Public
drwxr-xr-x. 2 abhiram abhiram  6 Nov  4 12:20 Pictures
drwxr-xr-x. 2 abhiram abhiram  6 Nov  4 12:20 Music
drwxr-xr-x. 2 abhiram abhiram  6 Nov  4 12:20 Desktop
drwxr-xr-x. 2 abhiram abhiram 98 Nov  4 13:00 Downloads
drwxr-xr-x. 3 abhiram abhiram 30 Nov  4 13:10 Documents
-rw-r--r--. 1 abhiram abhiram 61 Nov  4 16:44 abhi.txt
-rw-r--r--. 1 abhiram abhiram  0 Nov  5 12:54 anju.txt
-rw-r--r--. 1 abhiram abhiram 61 Nov  5 12:55 abhiram.txt
-rw-r--r--. 1 abhiram abhiram  0 Nov  5 12:55 anjan.txt
-rw-r--r--. 1 abhiram abhiram 19 Nov  5 12:56 aravind.txt
-rw-r--r--. 1 abhiram abhiram  0 Nov  5 12:57 venkatesh
-rw-r--r--. 1 abhiram abhiram  0 Nov  5 12:57 krishna
drwxr-xr-x. 2 abhiram abhiram  6 Nov  5 12:58 Abhi
drwxr-xr-x. 2 abhiram abhiram  6 Nov  5 12:59 Aravind
drwxr-xr-x. 2 abhiram abhiram  6 Nov  5 12:59 Anju
[abhiram@localhost ~]$ cd /
[abhiram@localhost /]$ ls
afs  boot  etc   lib    media  opt   root  sbin  sys  usr
bin  dev   home  lib64  mnt    proc  run   srv   tmp  var
[abhiram@localhost /]$ cd etc
[abhiram@localhost etc]$ touch abhiram
touch: cannot touch 'abhiram': Permission denied
[abhiram@localhost etc]$ 